
 Start  Stop   Length Name                   Class
 00000H 00877H 00878H QCUMBER_CODE           BC_CODE
 00880H 0105FH 007E0H ARRANGE_CODE           BC_CODE
 01060H 03D7FH 02D20H GRAPHIC_CODE           BC_CODE
 03D80H 04223H 004A4H U$ER_CODE              BC_CODE
 04230H 0515CH 00F2DH UTILITY_CODE           BC_CODE
 0515EH 05771H 00614H CODE                   CODE
 05780H 05C4FH 004D0H _TEXT                  CODE
 05C50H 05D56H 00107H INTRPT_TEXT            CODE
 05D60H 05D60H 00000H FAR_DATA               FAR_DATA
 05D60H 05D60H 00000H FAR_BSS                FAR_BSS
 05D60H 09076H 03317H NULL                   BEGDATA
 09080H 09080H 00000H BR_DATA                BLANK
 09080H 09080H 00000H BR_SKYS                BLANK
 09080H 090BDH 0003EH COMMON                 BLANK
 090BEH 091B3H 000F6H BC_DATA                BC_VARS
 091B4H 091B9H 00006H NMALLOC                BC_VARS
 091BAH 091BAH 00000H ENMALLOC               BC_VARS
 091BAH 091BAH 00000H BC_FT                  BC_SEGS
 091C0H 09677H 004B8H BC_CN                  BC_SEGS
 09680H 096C2H 00043H BC_DS                  BC_SEGS
 096C4H 096C4H 00000H BC_SAB                 BC_SEGS
 096C4H 096DBH 00018H BC_SA                  BC_SEGS
 096DCH 0970DH 00032H _DATA                  DATA
 0970EH 0971BH 0000EH CDATA                  DATA
 0971CH 0971CH 00000H XIB                    DATA
 0971CH 0971CH 00000H XI                     DATA
 0971CH 0971CH 00000H XIE                    DATA
 0971CH 0971CH 00000H XPB                    DATA
 0971CH 0971CH 00000H XP                     DATA
 0971CH 0971CH 00000H XPE                    DATA
 0971CH 0971CH 00000H XCB                    DATA
 0971CH 0971CH 00000H XC                     DATA
 0971CH 0971CH 00000H XCE                    DATA
 0971CH 09727H 0000CH DBDATA                 DATA
 09728H 09731H 0000AH _BSS                   DATA
 09732H 09732H 00000H XOB                    BSS
 09732H 09732H 00000H XO                     BSS
 09732H 09732H 00000H XOE                    BSS
 09740H 09740H 00000H STACK                  STACK
 09740H 0A458H 00D19H SYMBOL                 

 Origin   Group
 05D6:0   DGROUP

Program entry point at 0974:0000
